// Jest Snapshot v1, https://goo.gl/fbAQLP

exports[`should match snapshot 1`] = `
<DocumentFragment>
  <div
    class="Todo"
  >
    <button>
      REMOVE
    </button>
  </div>
</DocumentFragment>
`;
